Watching for file changes with StatReloader
[31/Jul/2026 09:40:55] "GET /courses/ HTTP/1.1" 200 15640
[31/Jul/2026 09:40:55] "GET /static/css/custom-enhancements.css HTTP/1.1" 200 5927
[31/Jul/2026 09:40:55] "GET /static/css/lightbox.css HTTP/1.1" 200 3954
[31/Jul/2026 09:40:55] "GET /static/css/fontawesome.css HTTP/1.1" 200 23739
[31/Jul/2026 09:40:55] "GET /static/css/owl.css HTTP/1.1" 200 5637
[31/Jul/2026 09:40:55] "GET /static/css/templatemo-grad-school.css HTTP/1.1" 200 23575
[31/Jul/2026 09:40:55] "GET /static/css/bootstrap.min.css HTTP/1.1" 200 160302
[31/Jul/2026 09:40:55] "GET /static/images/wti-logo.png HTTP/1.1" 200 90790
[31/Jul/2026 09:40:55] "GET /static/js/bootstrap.bundle.min.js HTTP/1.1" 200 60046
[31/Jul/2026 09:40:55] "GET /static/js/jquery.min.js HTTP/1.1" 200 86926
[31/Jul/2026 09:40:55] "GET /static/images/phlebotomy-img.jpg HTTP/1.1" 200 357086
[31/Jul/2026 09:40:55] "GET /static/images/perioperative-img.jpg HTTP/1.1" 200 436912
[31/Jul/2026 09:40:55] "GET /static/images/course.jpg HTTP/1.1" 200 369167
[31/Jul/2026 09:40:55] "GET /static/js/isotope.min.js HTTP/1.1" 200 119983
[31/Jul/2026 09:40:55] "GET /static/js/owl-carousel.js HTTP/1.1" 200 89991
[31/Jul/2026 09:40:55] "GET /static/images/courses-bg.jpg HTTP/1.1" 200 32225
[31/Jul/2026 09:40:55] "GET /static/js/lightbox.js HTTP/1.1" 200 18410
[31/Jul/2026 09:40:55] "GET /static/js/tabs.js HTTP/1.1" 200 469356
[31/Jul/2026 09:40:55] "GET /static/js/video.js HTTP/1.1" 200 20810
[31/Jul/2026 09:40:55] "GET /static/js/slick-slider.js HTTP/1.1" 200 84264
[31/Jul/2026 09:40:55] "GET /static/js/custom.js HTTP/1.1" 200 2359
[31/Jul/2026 09:40:55] "GET /static/fonts/fontawesome-webfont.woff2?v=4.3.0 HTTP/1.1" 200 56780
[31/Jul/2026 09:40:56] "GET /static/images/prev.png HTTP/1.1" 200 1360
[31/Jul/2026 09:40:56] "GET /static/images/close.png HTTP/1.1" 200 280
[31/Jul/2026 09:40:56] "GET /static/images/next.png HTTP/1.1" 200 1350
[31/Jul/2026 09:40:56] "GET /static/images/loading.gif HTTP/1.1" 200 8476
[31/Jul/2026 09:40:57] "GET /courses/1/ HTTP/1.1" 200 13815
[31/Jul/2026 09:40:58] "GET /courses/1/apply/ HTTP/1.1" 200 14682
[31/Jul/2026 09:41:03] "POST /courses/1/apply/ HTTP/1.1" 200 13026
/app/wti_project/core/admin.py changed, reloading.
Performing system checks...

System check identified no issues (0 silenced).
July 31, 2026 - 09:38:52
Django version 6.0.7, using settings 'wti_project.settings'
Starting development server at http://0.0.0.0:8000/
Quit the server with CONTROL-C.

WARNING: This is a development server. Do not use it in a production setting. Use a production WSGI or ASGI server instead.
For more information on production servers see: https://docs.djangoproject.com/en/6.0/howto/deployment/
Watching for file changes with StatReloader
